// Vitest Snapshot v1, https://vitest.dev/guide/snapshot.html

exports[`Golden 120-day fixture > same event log + same configuration = same resulting state 1`] = `
{
  "arcStreak": 14,
  "completedInstanceCount": 248,
  "consistency28": 93,
  "consistency7": 100,
  "dayRollupCount": 120,
  "graceRemaining": 3,
  "instanceCount": 720,
  "lastDayRollup": {
    "app_seconds": 0,
    "applications": 0,
    "blocker": undefined,
    "build_mode_split": {
      "LEARN": 0,
      "SHIP": 0,
    },
    "core_completed": 2,
    "core_total": 6,
    "deep_minutes": 0,
    "energy": undefined,
    "focus": undefined,
    "grace_applied": false,
    "learn_minutes": 0,
    "local_date": "2026-12-29",
    "longest_block_minutes": 0,
    "mvd_met": true,
    "problems": {
      "E": 0,
      "H": 0,
      "M": 0,
      "first_attempt": 0,
    },
    "quality_applications": 0,
    "reduced_mode": false,
    "steps": 0,
    "xp_capped_away": 0,
    "xp_earned": 140,
  },
  "ledgerRowCount": 349,
  "ledgerTotalByCategory": {
    "ATTENTION": 1560,
    "BODY": 4420,
    "BONUS": 4120,
    "BOSS": 2000,
    "CAREER": 4600,
    "CRAFT": 4600,
    "MAINT": 220,
    "MIND": 4620,
    "SLEEP": 2460,
  },
  "level": 24,
  "rank": "E",
  "templateCount": 6,
  "totalXp": 28600,
}
`;
